# Feat Name							Type						Required Feat					Description																																																																							Source, Long Desc.			Source Page		Benefits
###BLOCK: Dirty Tricks
Dastardly Trick	CATEGORY:FEAT	TYPE:Combat.Panache	DESC:Your confident attacks leave your foes wavering and unable to regain their composure.	PREABILITY:2,CATEGORY=Feat,Combat Expertise,Improved Dirty Trick	PREMULT:1,[PREABILITY:1,CATEGORY=FEAT,Amateur Swashbuckler],[PREABILITY:1,CATEGORY=Special Ability,Swashbuckler ~ Panache]	PRESTAT:1,INT=13	BENEFIT:When you attempt a dirty trick combat maneuver check and expend 1 point of panache, if the maneuver is successful, your opponent must succeed at a Will save (DC [%1]) to remove its dirty trick condition.|10+TL/2+CHA	SOURCELONG:Dirty Tricks Toolbox	SOURCEPAGE:14
Dirty Critical Hit	CATEGORY:FEAT	TYPE:Combat.Critical	SOURCELONG:Dirty Tricks Toolbox	SOURCEPAGE:14	DESC:Your blows are not only deadly, but debilitating as well.	PRESTAT:1,INT=13	PREABILITY:3,CATEGORY=Feat,Combat Expertise,Critical Focus,Improved Dirty Trick	PREVARGTEQ:BAB,11	BENEFIT:Whenever you confirm a critical hit, you can also affect the target as if you had succeeded at a dirty trick combat maneuver check. Doing so normally causes the target to suffer for 1 round one of the conditions applied by a dirty trick, unless you have feats or abilities that give you more dirty trick options. Special: You can apply the effects of only one critical feat to a given critical hit unless you possess Critical Mastery.
Dirty Disarm	CATEGORY:FEAT	TYPE:Combat	SOURCELONG:Dirty Tricks Toolbox	SOURCEPAGE:14	DESC:You can pull dirty tricks while disarming your foes.	PRESTAT:1,INT=13	PREABILITY:3,CATEGORY=Feat,Combat Expertise,Improved Dirty Trick,Improved Disarm	PREVARGTEQ:BAB,6	BENEFIT:You can attempt to perform a dirty trick and a disarm maneuver together against a single target as a full-round action. You attempt a single combat maneuver check for both maneuvers. If your CMB is different for the two types of maneuvers, use the lower of the two bonuses. If your target’s CMD is different against the two types of maneuvers, use the higher CMD. If you succeed at the check, you successfully perform both combat maneuvers.
Dirty Fighting	TYPE:Combat	CATEGORY:FEAT	SOURCEPAGE:14	SOURCELONG:Dirty Tricks Toolbox	DESC:You can take advantage of a distracted foe.	BENEFIT:When you attempt a combat maneuver check against a foe you are flanking, you can forgo the +2 bonus on your attack roll for flanking to instead have the combat maneuver not provoke an attack of opportunity. If you have a feat or ability that allows you to attempt the combat maneuver without provoking an attack of opportunity, you can instead increase the bonus on your attack roll for flanking to +4 for the combat maneuver check.	SERVESAS:ABILITY=Feat|Combat Expertise|Improved Unarmed Strike
Dirty Grapple	CATEGORY:FEAT	TYPE:Combat	SOURCELONG:Dirty Tricks Toolbox	SOURCEPAGE:14	DESC:	PRESTAT:2,DEX=13,INT=13	PREABILITY:4,CATEGORY=Feat,Combat Expertise,Improved Dirty Trick,Improved Grapple,Improved Unarmed Strike	PREVARGTEQ:BAB,6	BENEFIT:You can attempt to perform a dirty trick and a grapple maneuver together against a single target as a full-round action when initiating or maintaining a grapple. You must attempt a single combat maneuver check for both maneuvers. If your CMB is different for the two types of maneuvers, use the lower of the two bonuses. If your target’s CMD is different against the two types of maneuvers, use the higher CMD. If you succeed at the check, you successfully perform both combat maneuvers
Superior Dirty Trick	CATEGORY:FEAT	TYPE:Combat	SOURCELONG:Dirty Tricks Toolbox	SOURCEPAGE:15	DESC:Your training in a particular dirty trick makes it especially effective.	PRESTAT:1,INT=13	PREABILITY:3,CATEGORY=Feat,Combat Expertise,Greater Dirty Trick, Improved Dirty Trick	PREVARGTEQ:BAB,8	BENEFIT:Choose one condition imposed by the dirty trick combat maneuver, such as blinded or entangled. The target must spend a full-round action in order to remove that condition (%CHOICE). Special: You can gain this feat multiple times. Each time you take the feat, it applies to a different cnded:ondition.	CHOOSE:STRING|Blinded|Dazzled|Deafened|Entangled|Shaken|Sickened	MULT:YES

